
> carinfo_ui@0.1.0 build
> next build --turbopack

   ▲ Next.js 15.5.5 (Turbopack)

